---
source: src/tui/render/tests.rs
assertion_line: 317
expression: scenes
---
UNIFIED 100x22
TEXT
 LOG  phig-demo · main · HEAD
DIFF aaaaaaaaaa  unified  src/main.rs  ·  file 1/3
M src/main.rs ─────────────────────────────────────────────────────────────────────────────── +1 -1
        │ @@ -10,3 +10,3 @@ fn main()
 10  10 │  let label = "café";
 11     │ -let timeout = 100; // old value
     11 │ +let timeout = 250; // new value
 12  12 │  render(label);
M src/ui/view.rs ──────────────────────────────────────────────────────────────────────────── +2 -0
        │ @@ -0,0 +1,2 @@
      1 │ +fn draw() {}
      2 │ +// 界 面
M README.md ───────────────────────────────────────────────────────────────────────────────── +0 -0
        │ old mode 100644
        │ new mode 100755






 F restore · [/] hunk · T files · ? help                                                  line 1/17
STYLES
0:0-4 fg=Cyan bg=Reset mod=BOLD | REVERSED text=" LOG "
0:6-14 fg=Reset bg=Reset mod=BOLD text="phig-demo"
0:15-17 fg=DarkGray bg=Reset mod=NONE text=" · "
0:18-21 fg=Green bg=Reset mod=NONE text="main"
0:22-28 fg=DarkGray bg=Reset mod=NONE text=" · HEAD"
1:0-25 fg=DarkGray bg=Reset mod=NONE text="DIFF aaaaaaaaaa  unified  "
1:26-49 fg=Cyan bg=Reset mod=BOLD text="src/main.rs  ·  file 1/3"
2:0-1 fg=Yellow bg=Reset mod=BOLD text="M "
2:2-12 fg=Reset bg=Reset mod=BOLD text="src/main.rs"
2:13-92 fg=DarkGray bg=Reset mod=NONE text=" ───────────────────────────────────────────────────────────────────────────────"
2:93-95 fg=Green bg=Reset mod=NONE text=" +1"
2:96-98 fg=Red bg=Reset mod=NONE text=" -1"
3:0-9 fg=DarkGray bg=Reset mod=NONE text="        │ "
3:10-26 fg=Cyan bg=Reset mod=NONE text="@@ -10,3 +10,3 @@"
3:27-36 fg=Reset bg=Reset mod=BOLD text=" fn main()"
4:0-9 fg=DarkGray bg=Reset mod=NONE text=" 10  10 │ "
5:0-9 fg=Red bg=Reset mod=DIM text=" 11     │ "
5:10-24 fg=Red bg=Reset mod=NONE text="-let timeout = "
5:25-27 fg=Red bg=Reset mod=BOLD | UNDERLINED text="100"
5:28-32 fg=Red bg=Reset mod=NONE text="; // "
5:33-35 fg=Red bg=Reset mod=BOLD | UNDERLINED text="old"
5:36-41 fg=Red bg=Reset mod=NONE text=" value"
6:0-9 fg=Green bg=Reset mod=DIM text="     11 │ "
6:10-24 fg=Green bg=Reset mod=NONE text="+let timeout = "
6:25-27 fg=Green bg=Reset mod=BOLD | UNDERLINED text="250"
6:28-32 fg=Green bg=Reset mod=NONE text="; // "
6:33-35 fg=Green bg=Reset mod=BOLD | UNDERLINED text="new"
6:36-41 fg=Green bg=Reset mod=NONE text=" value"
7:0-9 fg=DarkGray bg=Reset mod=NONE text=" 12  12 │ "
8:0-1 fg=Yellow bg=Reset mod=BOLD text="M "
8:2-15 fg=Reset bg=Reset mod=BOLD text="src/ui/view.rs"
8:16-92 fg=DarkGray bg=Reset mod=NONE text=" ────────────────────────────────────────────────────────────────────────────"
8:93-95 fg=Green bg=Reset mod=NONE text=" +2"
8:96-98 fg=Red bg=Reset mod=NONE text=" -0"
9:0-9 fg=DarkGray bg=Reset mod=NONE text="        │ "
9:10-24 fg=Cyan bg=Reset mod=NONE text="@@ -0,0 +1,2 @@"
10:0-9 fg=Green bg=Reset mod=DIM text="      1 │ "
10:10-22 fg=Green bg=Reset mod=NONE text="+fn draw() {}"
11:0-9 fg=Green bg=Reset mod=DIM text="      2 │ "
11:10-14 fg=Green bg=Reset mod=NONE text="+// 界"
11:16-16 fg=Green bg=Reset mod=NONE text="面"
12:0-1 fg=Yellow bg=Reset mod=BOLD text="M "
12:2-10 fg=Reset bg=Reset mod=BOLD text="README.md"
12:11-92 fg=DarkGray bg=Reset mod=NONE text=" ─────────────────────────────────────────────────────────────────────────────────"
12:93-95 fg=Green bg=Reset mod=NONE text=" +0"
12:96-98 fg=Red bg=Reset mod=NONE text=" -0"
13:8-24 fg=DarkGray bg=Reset mod=NONE text="│ old mode 100644"
14:8-24 fg=DarkGray bg=Reset mod=NONE text="│ new mode 100755"
21:1-2 fg=Reset bg=Reset mod=BOLD text="F "
21:3-12 fg=DarkGray bg=Reset mod=NONE text="restore · "
21:13-16 fg=Reset bg=Reset mod=BOLD text="[/] "
21:17-23 fg=DarkGray bg=Reset mod=NONE text="hunk · "
21:24-25 fg=Reset bg=Reset mod=BOLD text="T "
21:26-33 fg=DarkGray bg=Reset mod=NONE text="files · "
21:34-35 fg=Reset bg=Reset mod=BOLD text="? "
21:36-39 fg=DarkGray bg=Reset mod=NONE text="help"
21:90-99 fg=DarkGray bg=Reset mod=NONE text="line 1/17 "

SPLIT 140x22
TEXT
 LOG  phig-demo · main · HEAD
DIFF aaaaaaaaaa  split  src/main.rs  ·  file 1/3
M src/main.rs ─────────────────────────────────────────────────────────────────────────────────────────────────────────────────────── +1 -1
        │ @@ -10,3 +10,3 @@ fn main()
 10 │  let label = "café";                                           │ 10 │  let label = "café";
 11 │ -let timeout = 100; // old value                               │ 11 │ +let timeout = 250; // new value
 12 │  render(label);                                                │ 12 │  render(label);
M src/ui/view.rs ──────────────────────────────────────────────────────────────────────────────────────────────────────────────────── +2 -0
        │ @@ -0,0 +1,2 @@
                                                                     │  1 │ +fn draw() {}
                                                                     │  2 │ +// 界 面
M README.md ───────────────────────────────────────────────────────────────────────────────────────────────────────────────────────── +0 -0
        │ old mode 100644
        │ new mode 100755







 F restore · [/] hunk · T files · ? help                                                                                          line 1/17
STYLES
0:0-4 fg=Cyan bg=Reset mod=BOLD | REVERSED text=" LOG "
0:6-14 fg=Reset bg=Reset mod=BOLD text="phig-demo"
0:15-17 fg=DarkGray bg=Reset mod=NONE text=" · "
0:18-21 fg=Green bg=Reset mod=NONE text="main"
0:22-28 fg=DarkGray bg=Reset mod=NONE text=" · HEAD"
1:0-23 fg=DarkGray bg=Reset mod=NONE text="DIFF aaaaaaaaaa  split  "
1:24-47 fg=Cyan bg=Reset mod=BOLD text="src/main.rs  ·  file 1/3"
2:0-1 fg=Yellow bg=Reset mod=BOLD text="M "
2:2-12 fg=Reset bg=Reset mod=BOLD text="src/main.rs"
2:13-132 fg=DarkGray bg=Reset mod=NONE text=" ───────────────────────────────────────────────────────────────────────────────────────────────────────────────────────"
2:133-135 fg=Green bg=Reset mod=NONE text=" +1"
2:136-138 fg=Red bg=Reset mod=NONE text=" -1"
3:0-9 fg=DarkGray bg=Reset mod=NONE text="        │ "
3:10-26 fg=Cyan bg=Reset mod=NONE text="@@ -10,3 +10,3 @@"
3:27-36 fg=Reset bg=Reset mod=BOLD text=" fn main()"
4:0-5 fg=DarkGray bg=Reset mod=NONE text=" 10 │ "
4:69-75 fg=DarkGray bg=Reset mod=NONE text="│ 10 │ "
5:0-5 fg=Red bg=Reset mod=DIM text=" 11 │ "
5:6-20 fg=Red bg=Reset mod=NONE text="-let timeout = "
5:21-23 fg=Red bg=Reset mod=BOLD | UNDERLINED text="100"
5:24-28 fg=Red bg=Reset mod=NONE text="; // "
5:29-31 fg=Red bg=Reset mod=BOLD | UNDERLINED text="old"
5:32-37 fg=Red bg=Reset mod=NONE text=" value"
5:69-69 fg=DarkGray bg=Reset mod=NONE text="│"
5:70-75 fg=Green bg=Reset mod=DIM text=" 11 │ "
5:76-90 fg=Green bg=Reset mod=NONE text="+let timeout = "
5:91-93 fg=Green bg=Reset mod=BOLD | UNDERLINED text="250"
5:94-98 fg=Green bg=Reset mod=NONE text="; // "
5:99-101 fg=Green bg=Reset mod=BOLD | UNDERLINED text="new"
5:102-107 fg=Green bg=Reset mod=NONE text=" value"
6:0-5 fg=DarkGray bg=Reset mod=NONE text=" 12 │ "
6:69-75 fg=DarkGray bg=Reset mod=NONE text="│ 12 │ "
7:0-1 fg=Yellow bg=Reset mod=BOLD text="M "
7:2-15 fg=Reset bg=Reset mod=BOLD text="src/ui/view.rs"
7:16-132 fg=DarkGray bg=Reset mod=NONE text=" ────────────────────────────────────────────────────────────────────────────────────────────────────────────────────"
7:133-135 fg=Green bg=Reset mod=NONE text=" +2"
7:136-138 fg=Red bg=Reset mod=NONE text=" -0"
8:0-9 fg=DarkGray bg=Reset mod=NONE text="        │ "
8:10-24 fg=Cyan bg=Reset mod=NONE text="@@ -0,0 +1,2 @@"
9:69-69 fg=DarkGray bg=Reset mod=NONE text="│"
9:70-75 fg=Green bg=Reset mod=DIM text="  1 │ "
9:76-88 fg=Green bg=Reset mod=NONE text="+fn draw() {}"
10:69-69 fg=DarkGray bg=Reset mod=NONE text="│"
10:70-75 fg=Green bg=Reset mod=DIM text="  2 │ "
10:76-80 fg=Green bg=Reset mod=NONE text="+// 界"
10:82-82 fg=Green bg=Reset mod=NONE text="面"
11:0-1 fg=Yellow bg=Reset mod=BOLD text="M "
11:2-10 fg=Reset bg=Reset mod=BOLD text="README.md"
11:11-132 fg=DarkGray bg=Reset mod=NONE text=" ─────────────────────────────────────────────────────────────────────────────────────────────────────────────────────────"
11:133-135 fg=Green bg=Reset mod=NONE text=" +0"
11:136-138 fg=Red bg=Reset mod=NONE text=" -0"
12:8-24 fg=DarkGray bg=Reset mod=NONE text="│ old mode 100644"
13:8-24 fg=DarkGray bg=Reset mod=NONE text="│ new mode 100755"
21:1-2 fg=Reset bg=Reset mod=BOLD text="F "
21:3-12 fg=DarkGray bg=Reset mod=NONE text="restore · "
21:13-16 fg=Reset bg=Reset mod=BOLD text="[/] "
21:17-23 fg=DarkGray bg=Reset mod=NONE text="hunk · "
21:24-25 fg=Reset bg=Reset mod=BOLD text="T "
21:26-33 fg=DarkGray bg=Reset mod=NONE text="files · "
21:34-35 fg=Reset bg=Reset mod=BOLD text="? "
21:36-39 fg=DarkGray bg=Reset mod=NONE text="help"
21:130-139 fg=DarkGray bg=Reset mod=NONE text="line 1/17 "

NARROW 60x16
 LOG  phig-demo · main · HEAD                               
DIFF aaaaaaaaaa  src/main.rs  ·  file 1/3                   
M src/main.rs ─────────────────────────────────────── +1 -1 
        │ @@ -10,3 +10,3 @@ fn main()                       
 10  10 │  let label = "café";                              
 11     │ -let timeout = 100; // old value                  
     11 │ +let timeout = 250; // new value                  
 12  12 │  render(label);                                   
M src/ui/view.rs ──────────────────────────────────── +2 -0 
        │ @@ -0,0 +1,2 @@                                   
      1 │ +fn draw() {}                                     
      2 │ +// 界 面                                           
M README.md ───────────────────────────────────────── +0 -0 
        │ old mode 100644                                   
        │ new mode 100755                                   
 F restore · [/] hunk · T files · ? help          line 1/17 

TREE 120x22
TEXT
 LOG  phig-demo · main · HEAD
CHANGED FILES                           │DIFF aaaaaaaaaa  src/main.rs  ·  file 1/3
  ├─ src/                          +3 -1│M src/main.rs ────────────────────────────────────────────────────────── +1 -1
  │ ├─ ui/                         +2 -0│        │ @@ -10,3 +10,3 @@ fn main()
  │ │ └─ view.rs M                 +2 -0│ 10  10 │  let label = "café";
› │ └─ main.rs M                   +1 -1│ 11     │ -let timeout = 100; // old value
  └─ README.md M                   +0 -0│     11 │ +let timeout = 250; // new value
                                        │ 12  12 │  render(label);
                                        │M src/ui/view.rs ─────────────────────────────────────────────────────── +2 -0
                                        │        │ @@ -0,0 +1,2 @@
                                        │      1 │ +fn draw() {}
                                        │      2 │ +// 界 面
                                        │M README.md ──────────────────────────────────────────────────────────── +0 -0
                                        │        │ old mode 100644
                                        │        │ new mode 100755
                                        │
                                        │
                                        │
                                        │
                                        │
src/main.rs M +1 -1                     │
 Enter open · Left/Right fold · Esc cancel · -/+ fold all · ? help                                                  4/5
STYLES
0:0-4 fg=Cyan bg=Reset mod=BOLD | REVERSED text=" LOG "
0:6-14 fg=Reset bg=Reset mod=BOLD text="phig-demo"
0:15-17 fg=DarkGray bg=Reset mod=NONE text=" · "
0:18-21 fg=Green bg=Reset mod=NONE text="main"
0:22-28 fg=DarkGray bg=Reset mod=NONE text=" · HEAD"
1:0-39 fg=Cyan bg=Reset mod=BOLD text="CHANGED FILES                           "
1:40-57 fg=DarkGray bg=Reset mod=NONE text="│DIFF aaaaaaaaaa  "
1:58-81 fg=Cyan bg=Reset mod=BOLD text="src/main.rs  ·  file 1/3"
2:0-33 fg=DarkGray bg=Reset mod=NONE text="  ├─ src/                         "
2:34-36 fg=Green bg=Reset mod=NONE text=" +3"
2:37-39 fg=Red bg=Reset mod=NONE text=" -1"
2:40-40 fg=DarkGray bg=Reset mod=NONE text="│"
2:41-42 fg=Yellow bg=Reset mod=BOLD text="M "
2:43-53 fg=Reset bg=Reset mod=BOLD text="src/main.rs"
2:54-112 fg=DarkGray bg=Reset mod=NONE text=" ──────────────────────────────────────────────────────────"
2:113-115 fg=Green bg=Reset mod=NONE text=" +1"
2:116-118 fg=Red bg=Reset mod=NONE text=" -1"
3:0-33 fg=DarkGray bg=Reset mod=NONE text="  │ ├─ ui/                        "
3:34-36 fg=Green bg=Reset mod=NONE text=" +2"
3:37-39 fg=Red bg=Reset mod=NONE text=" -0"
3:40-50 fg=DarkGray bg=Reset mod=NONE text="│        │ "
3:51-67 fg=Cyan bg=Reset mod=NONE text="@@ -10,3 +10,3 @@"
3:68-77 fg=Reset bg=Reset mod=BOLD text=" fn main()"
4:0-15 fg=DarkGray bg=Reset mod=NONE text="  │ │ └─ view.rs"
4:16-17 fg=Yellow bg=Reset mod=NONE text=" M"
4:18-33 fg=DarkGray bg=Reset mod=NONE text="                "
4:34-36 fg=Green bg=Reset mod=NONE text=" +2"
4:37-39 fg=Red bg=Reset mod=NONE text=" -0"
4:40-50 fg=DarkGray bg=Reset mod=NONE text="│ 10  10 │ "
5:0-13 fg=Cyan bg=Reset mod=BOLD text="› │ └─ main.rs"
5:14-15 fg=Yellow bg=Reset mod=NONE text=" M"
5:16-33 fg=Cyan bg=Reset mod=BOLD text="                  "
5:34-36 fg=Green bg=Reset mod=NONE text=" +1"
5:37-39 fg=Red bg=Reset mod=NONE text=" -1"
5:40-40 fg=DarkGray bg=Reset mod=NONE text="│"
5:41-50 fg=Red bg=Reset mod=DIM text=" 11     │ "
5:51-65 fg=Red bg=Reset mod=NONE text="-let timeout = "
5:66-68 fg=Red bg=Reset mod=BOLD | UNDERLINED text="100"
5:69-73 fg=Red bg=Reset mod=NONE text="; // "
5:74-76 fg=Red bg=Reset mod=BOLD | UNDERLINED text="old"
5:77-82 fg=Red bg=Reset mod=NONE text=" value"
6:0-13 fg=DarkGray bg=Reset mod=NONE text="  └─ README.md"
6:14-15 fg=Yellow bg=Reset mod=NONE text=" M"
6:16-33 fg=DarkGray bg=Reset mod=NONE text="                  "
6:34-36 fg=Green bg=Reset mod=NONE text=" +0"
6:37-39 fg=Red bg=Reset mod=NONE text=" -0"
6:40-40 fg=DarkGray bg=Reset mod=NONE text="│"
6:41-50 fg=Green bg=Reset mod=DIM text="     11 │ "
6:51-65 fg=Green bg=Reset mod=NONE text="+let timeout = "
6:66-68 fg=Green bg=Reset mod=BOLD | UNDERLINED text="250"
6:69-73 fg=Green bg=Reset mod=NONE text="; // "
6:74-76 fg=Green bg=Reset mod=BOLD | UNDERLINED text="new"
6:77-82 fg=Green bg=Reset mod=NONE text=" value"
7:40-50 fg=DarkGray bg=Reset mod=NONE text="│ 12  12 │ "
8:40-40 fg=DarkGray bg=Reset mod=NONE text="│"
8:41-42 fg=Yellow bg=Reset mod=BOLD text="M "
8:43-56 fg=Reset bg=Reset mod=BOLD text="src/ui/view.rs"
8:57-112 fg=DarkGray bg=Reset mod=NONE text=" ───────────────────────────────────────────────────────"
8:113-115 fg=Green bg=Reset mod=NONE text=" +2"
8:116-118 fg=Red bg=Reset mod=NONE text=" -0"
9:40-50 fg=DarkGray bg=Reset mod=NONE text="│        │ "
9:51-65 fg=Cyan bg=Reset mod=NONE text="@@ -0,0 +1,2 @@"
10:40-40 fg=DarkGray bg=Reset mod=NONE text="│"
10:41-50 fg=Green bg=Reset mod=DIM text="      1 │ "
10:51-63 fg=Green bg=Reset mod=NONE text="+fn draw() {}"
11:40-40 fg=DarkGray bg=Reset mod=NONE text="│"
11:41-50 fg=Green bg=Reset mod=DIM text="      2 │ "
11:51-55 fg=Green bg=Reset mod=NONE text="+// 界"
11:57-57 fg=Green bg=Reset mod=NONE text="面"
12:40-40 fg=DarkGray bg=Reset mod=NONE text="│"
12:41-42 fg=Yellow bg=Reset mod=BOLD text="M "
12:43-51 fg=Reset bg=Reset mod=BOLD text="README.md"
12:52-112 fg=DarkGray bg=Reset mod=NONE text=" ────────────────────────────────────────────────────────────"
12:113-115 fg=Green bg=Reset mod=NONE text=" +0"
12:116-118 fg=Red bg=Reset mod=NONE text=" -0"
13:40-40 fg=DarkGray bg=Reset mod=NONE text="│"
13:49-65 fg=DarkGray bg=Reset mod=NONE text="│ old mode 100644"
14:40-40 fg=DarkGray bg=Reset mod=NONE text="│"
14:49-65 fg=DarkGray bg=Reset mod=NONE text="│ new mode 100755"
15:40-40 fg=DarkGray bg=Reset mod=NONE text="│"
16:40-40 fg=DarkGray bg=Reset mod=NONE text="│"
17:40-40 fg=DarkGray bg=Reset mod=NONE text="│"
18:40-40 fg=DarkGray bg=Reset mod=NONE text="│"
19:40-40 fg=DarkGray bg=Reset mod=NONE text="│"
20:0-18 fg=DarkGray bg=Reset mod=NONE text="src/main.rs M +1 -1"
20:40-40 fg=DarkGray bg=Reset mod=NONE text="│"
21:1-6 fg=Reset bg=Reset mod=BOLD text="Enter "
21:7-13 fg=DarkGray bg=Reset mod=NONE text="open · "
21:14-24 fg=Reset bg=Reset mod=BOLD text="Left/Right "
21:25-31 fg=DarkGray bg=Reset mod=NONE text="fold · "
21:32-35 fg=Reset bg=Reset mod=BOLD text="Esc "
21:36-44 fg=DarkGray bg=Reset mod=NONE text="cancel · "
21:45-48 fg=Reset bg=Reset mod=BOLD text="-/+ "
21:49-59 fg=DarkGray bg=Reset mod=NONE text="fold all · "
21:60-61 fg=Reset bg=Reset mod=BOLD text="? "
21:62-65 fg=DarkGray bg=Reset mod=NONE text="help"
21:116-119 fg=DarkGray bg=Reset mod=NONE text="4/5 "

TREE 60x16
 LOG  phig-demo · main · HEAD                               
CHANGED FILES                                               
  ├─ src/                                              +3 -1
  │ ├─ ui/                                             +2 -0
  │ │ └─ view.rs M                                     +2 -0
› │ └─ main.rs M                                       +1 -1
  └─ README.md M                                       +0 -0
                                                            
                                                            
                                                            
                                                            
                                                            
                                                            
                                                            
src/main.rs M +1 -1                                         
 Enter open · Left/Right fold · Esc cancel · ? help     4/5
