---
source: src/tui/render/tests.rs
assertion_line: 795
expression: "format!(\"109x28\\n{}\\n110x28\\n{}\", styled_screen(109, 28, &app),\nstyled_screen(110, 28, &app))"
---
109x28
TEXT
 LOG  phig-demo · main · HEAD
› ◌ aaaaaaaa 1700000000 Pat Example HEAD→main make history pleasant










─────────────────────────────────────────────────────────────────────────────────────────────────────────────
aaaaaaaaaaaa  HEAD→main
make history pleasant
Pat Example · 2y ago · 2023-11-14 18:13 -04:00 · pat@example.invalid
root commit · 1 file · +1 -1

Explain the change safely.

Second body paragraph.

M src/main.rs ──────────────────────────────────────────────────────────────────────────────────────── +1 -1
        │ @@ -1 +1 @@
        │ -old
        │ +new

 j/k move · Enter open · / search · v mark · ? help                                                      1/1
STYLES
0:0-4 fg=Cyan bg=Reset mod=BOLD | REVERSED text=" LOG "
0:6-14 fg=Reset bg=Reset mod=BOLD text="phig-demo"
0:15-17 fg=DarkGray bg=Reset mod=NONE text=" · "
0:18-21 fg=Green bg=Reset mod=NONE text="main"
0:22-28 fg=DarkGray bg=Reset mod=NONE text=" · HEAD"
1:0-3 fg=Cyan bg=Reset mod=BOLD text="› ◌ "
1:4-11 fg=Yellow bg=Reset mod=BOLD text="aaaaaaaa"
1:12-12 fg=Reset bg=Reset mod=BOLD text=" "
1:13-35 fg=DarkGray bg=Reset mod=BOLD text="1700000000 Pat Example "
1:36-39 fg=Cyan bg=Reset mod=BOLD text="HEAD"
1:40-40 fg=DarkGray bg=Reset mod=BOLD text="→"
1:41-44 fg=Cyan bg=Reset mod=BOLD text="main"
1:45-108 fg=Reset bg=Reset mod=BOLD text=" make history pleasant                                          "
12:0-108 fg=DarkGray bg=Reset mod=NONE text="─────────────────────────────────────────────────────────────────────────────────────────────────────────────"
13:0-11 fg=Yellow bg=Reset mod=BOLD text="aaaaaaaaaaaa"
13:14-17 fg=Cyan bg=Reset mod=BOLD text="HEAD"
13:18-18 fg=DarkGray bg=Reset mod=NONE text="→"
13:19-22 fg=Green bg=Reset mod=BOLD text="main"
14:0-20 fg=Reset bg=Reset mod=BOLD text="make history pleasant"
15:0-67 fg=DarkGray bg=Reset mod=NONE text="Pat Example · 2y ago · 2023-11-14 18:13 -04:00 · pat@example.invalid"
16:0-22 fg=DarkGray bg=Reset mod=NONE text="root commit · 1 file · "
16:23-24 fg=Green bg=Reset mod=NONE text="+1"
16:26-27 fg=Red bg=Reset mod=NONE text="-1"
22:0-1 fg=Yellow bg=Reset mod=BOLD text="M "
22:2-12 fg=Reset bg=Reset mod=BOLD text="src/main.rs"
22:13-101 fg=DarkGray bg=Reset mod=NONE text=" ────────────────────────────────────────────────────────────────────────────────────────"
22:102-104 fg=Green bg=Reset mod=NONE text=" +1"
22:105-107 fg=Red bg=Reset mod=NONE text=" -1"
22:108-108 fg=DarkGray bg=Reset mod=NONE text=" "
23:0-9 fg=DarkGray bg=Reset mod=NONE text="        │ "
23:10-20 fg=Cyan bg=Reset mod=NONE text="@@ -1 +1 @@"
23:21-108 fg=DarkGray bg=Reset mod=NONE text="                                                                                        "
24:0-9 fg=Red bg=Reset mod=DIM text="        │ "
24:10-10 fg=Red bg=Reset mod=NONE text="-"
24:11-13 fg=Red bg=Reset mod=BOLD | UNDERLINED text="old"
24:14-108 fg=DarkGray bg=Reset mod=NONE text="                                                                                               "
25:0-9 fg=Green bg=Reset mod=DIM text="        │ "
25:10-10 fg=Green bg=Reset mod=NONE text="+"
25:11-13 fg=Green bg=Reset mod=BOLD | UNDERLINED text="new"
25:14-108 fg=DarkGray bg=Reset mod=NONE text="                                                                                               "
26:0-108 fg=DarkGray bg=Reset mod=NONE text="                                                                                                             "
27:1-4 fg=Reset bg=Reset mod=BOLD text="j/k "
27:5-11 fg=DarkGray bg=Reset mod=NONE text="move · "
27:12-17 fg=Reset bg=Reset mod=BOLD text="Enter "
27:18-24 fg=DarkGray bg=Reset mod=NONE text="open · "
27:25-26 fg=Reset bg=Reset mod=BOLD text="/ "
27:27-35 fg=DarkGray bg=Reset mod=NONE text="search · "
27:36-37 fg=Reset bg=Reset mod=BOLD text="v "
27:38-44 fg=DarkGray bg=Reset mod=NONE text="mark · "
27:45-46 fg=Reset bg=Reset mod=BOLD text="? "
27:47-50 fg=DarkGray bg=Reset mod=NONE text="help"
27:105-108 fg=DarkGray bg=Reset mod=NONE text="1/1 "

110x28
TEXT
 LOG  phig-demo · main · HEAD
› ◌ aaaaaaaa 1700000000 HEAD→main make history pleasant    │ aaaaaaaaaaaa  HEAD→main
                                                           │ make history pleasant
                                                           │ Pat Example · 2y ago · 2023-11-14 18:13 -04:00 ·…
                                                           │ root commit · 1 file · +1 -1
                                                           │
                                                           │ Explain the change safely.
                                                           │
                                                           │ Second body paragraph.
                                                           │
                                                           │ M src/main.rs ──────────────────────────── +1 -1
                                                           │         │ @@ -1 +1 @@
                                                           │         │ -old
                                                           │         │ +new
                                                           │
                                                           │
                                                           │
                                                           │
                                                           │
                                                           │
                                                           │
                                                           │
                                                           │
                                                           │
                                                           │
                                                           │
                                                           │
 j/k move · Enter open · / search · v mark · ? help                                                       1/1
STYLES
0:0-4 fg=Cyan bg=Reset mod=BOLD | REVERSED text=" LOG "
0:6-14 fg=Reset bg=Reset mod=BOLD text="phig-demo"
0:15-17 fg=DarkGray bg=Reset mod=NONE text=" · "
0:18-21 fg=Green bg=Reset mod=NONE text="main"
0:22-28 fg=DarkGray bg=Reset mod=NONE text=" · HEAD"
1:0-3 fg=Cyan bg=Reset mod=BOLD text="› ◌ "
1:4-11 fg=Yellow bg=Reset mod=BOLD text="aaaaaaaa"
1:12-12 fg=Reset bg=Reset mod=BOLD text=" "
1:13-23 fg=DarkGray bg=Reset mod=BOLD text="1700000000 "
1:24-27 fg=Cyan bg=Reset mod=BOLD text="HEAD"
1:28-28 fg=DarkGray bg=Reset mod=BOLD text="→"
1:29-32 fg=Cyan bg=Reset mod=BOLD text="main"
1:33-58 fg=Reset bg=Reset mod=BOLD text=" make history pleasant    "
1:59-59 fg=DarkGray bg=Reset mod=NONE text="│"
1:61-72 fg=Yellow bg=Reset mod=BOLD text="aaaaaaaaaaaa"
1:75-78 fg=Cyan bg=Reset mod=BOLD text="HEAD"
1:79-79 fg=DarkGray bg=Reset mod=NONE text="→"
1:80-83 fg=Green bg=Reset mod=BOLD text="main"
2:59-59 fg=DarkGray bg=Reset mod=NONE text="│"
2:61-81 fg=Reset bg=Reset mod=BOLD text="make history pleasant"
3:59-59 fg=DarkGray bg=Reset mod=NONE text="│"
3:61-109 fg=DarkGray bg=Reset mod=NONE text="Pat Example · 2y ago · 2023-11-14 18:13 -04:00 ·…"
4:59-59 fg=DarkGray bg=Reset mod=NONE text="│"
4:61-83 fg=DarkGray bg=Reset mod=NONE text="root commit · 1 file · "
4:84-85 fg=Green bg=Reset mod=NONE text="+1"
4:87-88 fg=Red bg=Reset mod=NONE text="-1"
5:59-59 fg=DarkGray bg=Reset mod=NONE text="│"
6:59-59 fg=DarkGray bg=Reset mod=NONE text="│"
7:59-59 fg=DarkGray bg=Reset mod=NONE text="│"
8:59-59 fg=DarkGray bg=Reset mod=NONE text="│"
9:59-59 fg=DarkGray bg=Reset mod=NONE text="│"
10:59-59 fg=DarkGray bg=Reset mod=NONE text="│"
10:61-62 fg=Yellow bg=Reset mod=BOLD text="M "
10:63-73 fg=Reset bg=Reset mod=BOLD text="src/main.rs"
10:74-102 fg=DarkGray bg=Reset mod=NONE text=" ────────────────────────────"
10:103-105 fg=Green bg=Reset mod=NONE text=" +1"
10:106-108 fg=Red bg=Reset mod=NONE text=" -1"
10:109-109 fg=DarkGray bg=Reset mod=NONE text=" "
11:59-59 fg=DarkGray bg=Reset mod=NONE text="│"
11:61-70 fg=DarkGray bg=Reset mod=NONE text="        │ "
11:71-81 fg=Cyan bg=Reset mod=NONE text="@@ -1 +1 @@"
11:82-109 fg=DarkGray bg=Reset mod=NONE text="                            "
12:59-59 fg=DarkGray bg=Reset mod=NONE text="│"
12:61-70 fg=Red bg=Reset mod=DIM text="        │ "
12:71-71 fg=Red bg=Reset mod=NONE text="-"
12:72-74 fg=Red bg=Reset mod=BOLD | UNDERLINED text="old"
12:75-109 fg=DarkGray bg=Reset mod=NONE text="                                   "
13:59-59 fg=DarkGray bg=Reset mod=NONE text="│"
13:61-70 fg=Green bg=Reset mod=DIM text="        │ "
13:71-71 fg=Green bg=Reset mod=NONE text="+"
13:72-74 fg=Green bg=Reset mod=BOLD | UNDERLINED text="new"
13:75-109 fg=DarkGray bg=Reset mod=NONE text="                                   "
14:59-59 fg=DarkGray bg=Reset mod=NONE text="│"
14:61-109 fg=DarkGray bg=Reset mod=NONE text="                                                 "
15:59-59 fg=DarkGray bg=Reset mod=NONE text="│"
15:61-109 fg=DarkGray bg=Reset mod=NONE text="                                                 "
16:59-59 fg=DarkGray bg=Reset mod=NONE text="│"
16:61-109 fg=DarkGray bg=Reset mod=NONE text="                                                 "
17:59-59 fg=DarkGray bg=Reset mod=NONE text="│"
17:61-109 fg=DarkGray bg=Reset mod=NONE text="                                                 "
18:59-59 fg=DarkGray bg=Reset mod=NONE text="│"
18:61-109 fg=DarkGray bg=Reset mod=NONE text="                                                 "
19:59-59 fg=DarkGray bg=Reset mod=NONE text="│"
19:61-109 fg=DarkGray bg=Reset mod=NONE text="                                                 "
20:59-59 fg=DarkGray bg=Reset mod=NONE text="│"
20:61-109 fg=DarkGray bg=Reset mod=NONE text="                                                 "
21:59-59 fg=DarkGray bg=Reset mod=NONE text="│"
21:61-109 fg=DarkGray bg=Reset mod=NONE text="                                                 "
22:59-59 fg=DarkGray bg=Reset mod=NONE text="│"
22:61-109 fg=DarkGray bg=Reset mod=NONE text="                                                 "
23:59-59 fg=DarkGray bg=Reset mod=NONE text="│"
23:61-109 fg=DarkGray bg=Reset mod=NONE text="                                                 "
24:59-59 fg=DarkGray bg=Reset mod=NONE text="│"
24:61-109 fg=DarkGray bg=Reset mod=NONE text="                                                 "
25:59-59 fg=DarkGray bg=Reset mod=NONE text="│"
25:61-109 fg=DarkGray bg=Reset mod=NONE text="                                                 "
26:59-59 fg=DarkGray bg=Reset mod=NONE text="│"
26:61-109 fg=DarkGray bg=Reset mod=NONE text="                                                 "
27:1-4 fg=Reset bg=Reset mod=BOLD text="j/k "
27:5-11 fg=DarkGray bg=Reset mod=NONE text="move · "
27:12-17 fg=Reset bg=Reset mod=BOLD text="Enter "
27:18-24 fg=DarkGray bg=Reset mod=NONE text="open · "
27:25-26 fg=Reset bg=Reset mod=BOLD text="/ "
27:27-35 fg=DarkGray bg=Reset mod=NONE text="search · "
27:36-37 fg=Reset bg=Reset mod=BOLD text="v "
27:38-44 fg=DarkGray bg=Reset mod=NONE text="mark · "
27:45-46 fg=Reset bg=Reset mod=BOLD text="? "
27:47-50 fg=DarkGray bg=Reset mod=NONE text="help"
27:106-109 fg=DarkGray bg=Reset mod=NONE text="1/1 "
