---
source: src/tui/render/tests.rs
expression: "format!(\"palette 60x16\\n{palette}\\nfiles 120x28\\n{}\",\nstyled_screen(120, 28, &app))"
---
palette 60x16
TEXT
 phig LOG phig-demo / main  HEAD
 ╭ Commands ──────────────────────────────────────────────╮
 │: tgl                                          6 results│
 │› Toggle focus                                       Tab│
 │  Toggle preview                                       p│
 │  Toggle full-screen diff                              F│
 │  Toggle staged/unstaged diff                          d│
 │  Toggle merge-base comparison                         M│
 │  Next changed file                                    }│
 │                                                        │
 │                                                        │
 │                                                        │
 │↑/↓ move · Enter run · Esc close                        │
 ╰────────────────────────────────────────────────────────╯

 j/k move · Enter open · / search                        1/1
STYLES
0:0-9 fg=Cyan bg=Reset mod=BOLD text=" phig LOG "
0:19-31 fg=DarkGray bg=Reset mod=NONE text=" / main  HEAD"
1:1-1 fg=DarkGray bg=Reset mod=NONE text="╭"
1:2-11 fg=Cyan bg=Reset mod=BOLD text=" Commands "
1:12-58 fg=DarkGray bg=Reset mod=NONE text="──────────────────────────────────────────────╮"
2:1-1 fg=DarkGray bg=Reset mod=NONE text="│"
2:2-3 fg=Cyan bg=Reset mod=BOLD text=": "
2:49-58 fg=DarkGray bg=Reset mod=NONE text="6 results│"
3:1-1 fg=DarkGray bg=Reset mod=NONE text="│"
3:2-3 fg=Cyan bg=Reset mod=BOLD text="› "
3:4-4 fg=Cyan bg=Reset mod=BOLD | UNDERLINED text="T"
3:5-5 fg=Cyan bg=Reset mod=BOLD text="o"
3:6-6 fg=Cyan bg=Reset mod=BOLD | UNDERLINED text="g"
3:7-7 fg=Cyan bg=Reset mod=BOLD text="g"
3:8-8 fg=Cyan bg=Reset mod=BOLD | UNDERLINED text="l"
3:9-57 fg=Cyan bg=Reset mod=BOLD text="e focus                                       Tab"
3:58-58 fg=DarkGray bg=Reset mod=NONE text="│"
4:1-1 fg=DarkGray bg=Reset mod=NONE text="│"
4:4-4 fg=Cyan bg=Reset mod=BOLD | UNDERLINED text="T"
4:6-6 fg=Cyan bg=Reset mod=BOLD | UNDERLINED text="g"
4:8-8 fg=Cyan bg=Reset mod=BOLD | UNDERLINED text="l"
4:57-58 fg=DarkGray bg=Reset mod=NONE text="p│"
5:1-1 fg=DarkGray bg=Reset mod=NONE text="│"
5:4-4 fg=Cyan bg=Reset mod=BOLD | UNDERLINED text="T"
5:6-6 fg=Cyan bg=Reset mod=BOLD | UNDERLINED text="g"
5:8-8 fg=Cyan bg=Reset mod=BOLD | UNDERLINED text="l"
5:57-58 fg=DarkGray bg=Reset mod=NONE text="F│"
6:1-1 fg=DarkGray bg=Reset mod=NONE text="│"
6:4-4 fg=Cyan bg=Reset mod=BOLD | UNDERLINED text="T"
6:6-6 fg=Cyan bg=Reset mod=BOLD | UNDERLINED text="g"
6:8-8 fg=Cyan bg=Reset mod=BOLD | UNDERLINED text="l"
6:57-58 fg=DarkGray bg=Reset mod=NONE text="d│"
7:1-1 fg=DarkGray bg=Reset mod=NONE text="│"
7:4-4 fg=Cyan bg=Reset mod=BOLD | UNDERLINED text="T"
7:6-6 fg=Cyan bg=Reset mod=BOLD | UNDERLINED text="g"
7:8-8 fg=Cyan bg=Reset mod=BOLD | UNDERLINED text="l"
7:57-58 fg=DarkGray bg=Reset mod=NONE text="M│"
8:1-1 fg=DarkGray bg=Reset mod=NONE text="│"
8:7-7 fg=Cyan bg=Reset mod=BOLD | UNDERLINED text="t"
8:13-13 fg=Cyan bg=Reset mod=BOLD | UNDERLINED text="g"
8:19-19 fg=Cyan bg=Reset mod=BOLD | UNDERLINED text="l"
8:57-58 fg=DarkGray bg=Reset mod=NONE text="}│"
9:1-1 fg=DarkGray bg=Reset mod=NONE text="│"
9:58-58 fg=DarkGray bg=Reset mod=NONE text="│"
10:1-1 fg=DarkGray bg=Reset mod=NONE text="│"
10:58-58 fg=DarkGray bg=Reset mod=NONE text="│"
11:1-1 fg=DarkGray bg=Reset mod=NONE text="│"
11:58-58 fg=DarkGray bg=Reset mod=NONE text="│"
12:1-58 fg=DarkGray bg=Reset mod=NONE text="│↑/↓ move · Enter run · Esc close                        │"
13:1-58 fg=DarkGray bg=Reset mod=NONE text="╰────────────────────────────────────────────────────────╯"
15:0-59 fg=DarkGray bg=Reset mod=NONE text=" j/k move · Enter open · / search                        1/1"

files 120x28
TEXT
 phig LOG phig-demo / main  HEAD
›   ◌ aaaaaaaa 1700000000 Pat Examp… make histor…│aaaaaaaaaaaa
                                                 │make history pleasant
                                                 │Author: Pat Example <pat@example.invalid>
                                                 │Date: 2023-11-14 18:13:20 -04:00
                                                 │Parents: root · Files: 1 (+1 -1)
                                                 │Explain the change safely.
                                                 │Second body paragraph.
                                                 │diff --git a/src/main.rs b/src/main.rs
                                                 │@@ -1 +1 @@
                          ╭ Changed files ───────────────────────────────────────────────────╮
                          │file: smrs                                                1 result│
                          │› src/main.rs                                                     │
                          │                                                                  │
                          │                                                                  │
                          │↑/↓ move · Enter jump · Esc close                                 │
                          ╰──────────────────────────────────────────────────────────────────╯
                                                 │
                                                 │
                                                 │
                                                 │
                                                 │
                                                 │
                                                 │
                                                 │
                                                 │
                                                 │
 j/k move · Enter open · / search                                                                                    1/1
STYLES
0:0-9 fg=Cyan bg=Reset mod=BOLD text=" phig LOG "
0:19-31 fg=DarkGray bg=Reset mod=NONE text=" / main  HEAD"
1:0-48 fg=Cyan bg=Reset mod=BOLD text="›   ◌ aaaaaaaa 1700000000 Pat Examp… make histor…"
1:49-49 fg=DarkGray bg=Reset mod=NONE text="│"
1:50-61 fg=Yellow bg=Reset mod=NONE text="aaaaaaaaaaaa"
2:49-49 fg=DarkGray bg=Reset mod=NONE text="│"
2:50-70 fg=Reset bg=Reset mod=BOLD text="make history pleasant"
3:49-90 fg=DarkGray bg=Reset mod=NONE text="│Author: Pat Example <pat@example.invalid>"
4:49-81 fg=DarkGray bg=Reset mod=NONE text="│Date: 2023-11-14 18:13:20 -04:00"
5:49-81 fg=DarkGray bg=Reset mod=NONE text="│Parents: root · Files: 1 (+1 -1)"
6:49-49 fg=DarkGray bg=Reset mod=NONE text="│"
7:49-49 fg=DarkGray bg=Reset mod=NONE text="│"
8:49-49 fg=DarkGray bg=Reset mod=NONE text="│"
8:50-87 fg=Yellow bg=Reset mod=BOLD text="diff --git a/src/main.rs b/src/main.rs"
8:88-119 fg=DarkGray bg=Reset mod=NONE text="                                "
9:49-49 fg=DarkGray bg=Reset mod=NONE text="│"
9:50-60 fg=Cyan bg=Reset mod=BOLD text="@@ -1 +1 @@"
9:61-119 fg=DarkGray bg=Reset mod=NONE text="                                                           "
10:26-26 fg=DarkGray bg=Reset mod=NONE text="╭"
10:27-41 fg=Cyan bg=Reset mod=BOLD text=" Changed files "
10:42-93 fg=DarkGray bg=Reset mod=NONE text="───────────────────────────────────────────────────╮"
11:26-26 fg=DarkGray bg=Reset mod=NONE text="│"
11:27-32 fg=Cyan bg=Reset mod=BOLD text="file: "
11:85-93 fg=DarkGray bg=Reset mod=NONE text="1 result│"
12:26-26 fg=DarkGray bg=Reset mod=NONE text="│"
12:27-28 fg=Cyan bg=Reset mod=BOLD text="› "
12:29-29 fg=Cyan bg=Reset mod=BOLD | UNDERLINED text="s"
12:30-32 fg=Cyan bg=Reset mod=BOLD text="rc/"
12:33-33 fg=Cyan bg=Reset mod=BOLD | UNDERLINED text="m"
12:34-37 fg=Cyan bg=Reset mod=BOLD text="ain."
12:38-39 fg=Cyan bg=Reset mod=BOLD | UNDERLINED text="rs"
12:40-92 fg=Cyan bg=Reset mod=BOLD text="                                                     "
12:93-93 fg=DarkGray bg=Reset mod=NONE text="│"
13:26-26 fg=DarkGray bg=Reset mod=NONE text="│"
13:93-93 fg=DarkGray bg=Reset mod=NONE text="│"
14:26-26 fg=DarkGray bg=Reset mod=NONE text="│"
14:93-93 fg=DarkGray bg=Reset mod=NONE text="│"
15:26-93 fg=DarkGray bg=Reset mod=NONE text="│↑/↓ move · Enter jump · Esc close                                 │"
16:26-93 fg=DarkGray bg=Reset mod=NONE text="╰──────────────────────────────────────────────────────────────────╯"
17:49-119 fg=DarkGray bg=Reset mod=NONE text="│                                                                      "
18:49-119 fg=DarkGray bg=Reset mod=NONE text="│                                                                      "
19:49-119 fg=DarkGray bg=Reset mod=NONE text="│                                                                      "
20:49-119 fg=DarkGray bg=Reset mod=NONE text="│                                                                      "
21:49-119 fg=DarkGray bg=Reset mod=NONE text="│                                                                      "
22:49-119 fg=DarkGray bg=Reset mod=NONE text="│                                                                      "
23:49-119 fg=DarkGray bg=Reset mod=NONE text="│                                                                      "
24:49-119 fg=DarkGray bg=Reset mod=NONE text="│                                                                      "
25:49-119 fg=DarkGray bg=Reset mod=NONE text="│                                                                      "
26:49-119 fg=DarkGray bg=Reset mod=NONE text="│                                                                      "
27:0-119 fg=DarkGray bg=Reset mod=NONE text=" j/k move · Enter open · / search                                                                                    1/1"
