---
source: src/tui/render/tests.rs
assertion_line: 701
expression: expanded
---
120x28
 LOG  phig-demo · main · HEAD
DIFF aaaaaaaaaa  unified  src/main.rs  ·  file 1/1  ·  hunk 1/1
M src/main.rs ─────────────────────────────────────────────────────────────────────────────────────────────────── +1 -1
        │ @@ -1 +1 @@
  1     │ -old
      1 │ +new





















 F restore · [/] hunk · T files · ? help                                                                       line 2/4

60x16
 LOG  phig-demo · main · HEAD
DIFF aaaaaaaaaa  src/main.rs  ·  file 1/1  ·  hunk 1/1
M src/main.rs ─────────────────────────────────────── +1 -1
        │ @@ -1 +1 @@
  1     │ -old
      1 │ +new









 F restore · [/] hunk · T files · ? help           line 2/4
