---
source: src/tui/render/tests.rs
expression: "format!(\"109x28\\n{}\\n110x28\\n{}\", styled_screen(109, 28, &app),\nstyled_screen(110, 28, &app))"
---
109x28
TEXT
 phig LOG phig-demo / main  HEAD
›   ◌ aaaaaaaa 1700000000 Pat Example        make history pleasant (HEAD -> main)










─────────────────────────────────────────────────────────────────────────────────────────────────────────────
aaaaaaaaaaaa
make history pleasant
Author: Pat Example <pat@example.invalid>
Date: 2023-11-14 18:13:20 -04:00
Parents: root · Files: 1 (+1 -1)
Explain the change safely.
Second body paragraph.
diff --git a/src/main.rs b/src/main.rs
@@ -1 +1 @@
-old
+new



 j/k move · Enter open · / search                                                                         1/1
STYLES
0:0-9 fg=Cyan bg=Reset mod=BOLD text=" phig LOG "
0:19-31 fg=DarkGray bg=Reset mod=NONE text=" / main  HEAD"
1:0-108 fg=Cyan bg=Reset mod=BOLD text="›   ◌ aaaaaaaa 1700000000 Pat Example        make history pleasant (HEAD -> main)                            "
12:0-108 fg=DarkGray bg=Reset mod=NONE text="─────────────────────────────────────────────────────────────────────────────────────────────────────────────"
13:0-11 fg=Yellow bg=Reset mod=NONE text="aaaaaaaaaaaa"
14:0-20 fg=Reset bg=Reset mod=BOLD text="make history pleasant"
15:0-40 fg=DarkGray bg=Reset mod=NONE text="Author: Pat Example <pat@example.invalid>"
16:0-31 fg=DarkGray bg=Reset mod=NONE text="Date: 2023-11-14 18:13:20 -04:00"
17:0-31 fg=DarkGray bg=Reset mod=NONE text="Parents: root · Files: 1 (+1 -1)"
20:0-37 fg=Yellow bg=Reset mod=BOLD text="diff --git a/src/main.rs b/src/main.rs"
20:38-108 fg=DarkGray bg=Reset mod=NONE text="                                                                       "
21:0-10 fg=Cyan bg=Reset mod=BOLD text="@@ -1 +1 @@"
21:11-108 fg=DarkGray bg=Reset mod=NONE text="                                                                                                  "
22:0-3 fg=Red bg=Reset mod=NONE text="-old"
22:4-108 fg=DarkGray bg=Reset mod=NONE text="                                                                                                         "
23:0-3 fg=Green bg=Reset mod=NONE text="+new"
23:4-108 fg=DarkGray bg=Reset mod=NONE text="                                                                                                         "
24:0-108 fg=DarkGray bg=Reset mod=NONE text="                                                                                                             "
25:0-108 fg=DarkGray bg=Reset mod=NONE text="                                                                                                             "
26:0-108 fg=DarkGray bg=Reset mod=NONE text="                                                                                                             "
27:0-108 fg=DarkGray bg=Reset mod=NONE text=" j/k move · Enter open · / search                                                                         1/1"

110x28
TEXT
 phig LOG phig-demo / main  HEAD
›   ◌ aaaaaaaa 1700000000 make history pleas…│aaaaaaaaaaaa
                                             │make history pleasant
                                             │Author: Pat Example <pat@example.invalid>
                                             │Date: 2023-11-14 18:13:20 -04:00
                                             │Parents: root · Files: 1 (+1 -1)
                                             │Explain the change safely.
                                             │Second body paragraph.
                                             │diff --git a/src/main.rs b/src/main.rs
                                             │@@ -1 +1 @@
                                             │-old
                                             │+new
                                             │
                                             │
                                             │
                                             │
                                             │
                                             │
                                             │
                                             │
                                             │
                                             │
                                             │
                                             │
                                             │
                                             │
                                             │
 j/k move · Enter open · / search                                                                          1/1
STYLES
0:0-9 fg=Cyan bg=Reset mod=BOLD text=" phig LOG "
0:19-31 fg=DarkGray bg=Reset mod=NONE text=" / main  HEAD"
1:0-44 fg=Cyan bg=Reset mod=BOLD text="›   ◌ aaaaaaaa 1700000000 make history pleas…"
1:45-45 fg=DarkGray bg=Reset mod=NONE text="│"
1:46-57 fg=Yellow bg=Reset mod=NONE text="aaaaaaaaaaaa"
2:45-45 fg=DarkGray bg=Reset mod=NONE text="│"
2:46-66 fg=Reset bg=Reset mod=BOLD text="make history pleasant"
3:45-86 fg=DarkGray bg=Reset mod=NONE text="│Author: Pat Example <pat@example.invalid>"
4:45-77 fg=DarkGray bg=Reset mod=NONE text="│Date: 2023-11-14 18:13:20 -04:00"
5:45-77 fg=DarkGray bg=Reset mod=NONE text="│Parents: root · Files: 1 (+1 -1)"
6:45-45 fg=DarkGray bg=Reset mod=NONE text="│"
7:45-45 fg=DarkGray bg=Reset mod=NONE text="│"
8:45-45 fg=DarkGray bg=Reset mod=NONE text="│"
8:46-83 fg=Yellow bg=Reset mod=BOLD text="diff --git a/src/main.rs b/src/main.rs"
8:84-109 fg=DarkGray bg=Reset mod=NONE text="                          "
9:45-45 fg=DarkGray bg=Reset mod=NONE text="│"
9:46-56 fg=Cyan bg=Reset mod=BOLD text="@@ -1 +1 @@"
9:57-109 fg=DarkGray bg=Reset mod=NONE text="                                                     "
10:45-45 fg=DarkGray bg=Reset mod=NONE text="│"
10:46-49 fg=Red bg=Reset mod=NONE text="-old"
10:50-109 fg=DarkGray bg=Reset mod=NONE text="                                                            "
11:45-45 fg=DarkGray bg=Reset mod=NONE text="│"
11:46-49 fg=Green bg=Reset mod=NONE text="+new"
11:50-109 fg=DarkGray bg=Reset mod=NONE text="                                                            "
12:45-109 fg=DarkGray bg=Reset mod=NONE text="│                                                                "
13:45-109 fg=DarkGray bg=Reset mod=NONE text="│                                                                "
14:45-109 fg=DarkGray bg=Reset mod=NONE text="│                                                                "
15:45-109 fg=DarkGray bg=Reset mod=NONE text="│                                                                "
16:45-109 fg=DarkGray bg=Reset mod=NONE text="│                                                                "
17:45-109 fg=DarkGray bg=Reset mod=NONE text="│                                                                "
18:45-109 fg=DarkGray bg=Reset mod=NONE text="│                                                                "
19:45-109 fg=DarkGray bg=Reset mod=NONE text="│                                                                "
20:45-109 fg=DarkGray bg=Reset mod=NONE text="│                                                                "
21:45-109 fg=DarkGray bg=Reset mod=NONE text="│                                                                "
22:45-109 fg=DarkGray bg=Reset mod=NONE text="│                                                                "
23:45-109 fg=DarkGray bg=Reset mod=NONE text="│                                                                "
24:45-109 fg=DarkGray bg=Reset mod=NONE text="│                                                                "
25:45-109 fg=DarkGray bg=Reset mod=NONE text="│                                                                "
26:45-109 fg=DarkGray bg=Reset mod=NONE text="│                                                                "
27:0-109 fg=DarkGray bg=Reset mod=NONE text=" j/k move · Enter open · / search                                                                          1/1"
